RAM Allocation
Variable                                                          Address   Size
--------------------------------------------------------------------------------
led7                                                              0x0160      20

EEPROM Allocation
Variable                                                          Address   Size
--------------------------------------------------------------------------------

Register Allocation
Variable                                                          Register  Size
--------------------------------------------------------------------------------
i                                                                 R4,R5        2
t                                                                 R6,R7        2
c                                                                 R8,R9        2
dv                                                                R10,R11      2
j                                                                 R12,R13      2
