RAM Allocation
Variable                                                          Address   Size
--------------------------------------------------------------------------------
a                                                                 0x0173       2
b                                                                 0x0175       2
valueAt                                                           0x0177       2
update                                                            0x0179       2
_base_y                                                           0x017B       4
_lcd_x                                                            0x017F       1
_lcd_y                                                            0x0180       1
_lcd_maxx                                                         0x0181       1

EEPROM Allocation
Variable                                                          Address   Size
--------------------------------------------------------------------------------

Register Allocation
Variable                                                          Register  Size
--------------------------------------------------------------------------------
i                                                                 R4,R5        2
t                                                                 R6,R7        2
c                                                                 R8,R9        2
dv                                                                R10,R11      2
j                                                                 R12,R13      2
